2026-02-23 16:12:36.307 +05:30 [INF] Redis caching enabled with connection: localhost:6379
2026-02-23 16:12:37.086 +05:30 [INF] Starting AILearn API...
2026-02-23 16:13:26.946 +05:30 [INF] Redis caching enabled with connection: localhost:6379
2026-02-23 16:13:27.335 +05:30 [INF] Starting AILearn API...
2026-02-23 17:10:16.662 +05:30 [INF] Redis caching enabled with connection: localhost:6379
2026-02-23 17:10:17.016 +05:30 [INF] Starting AILearn API...
2026-02-23 17:18:50.387 +05:30 [INF] Redis caching disabled in configuration
2026-02-23 17:18:50.645 +05:30 [INF] Starting AILearn API...
2026-02-23 17:21:30.029 +05:30 [INF] Redis caching disabled in configuration
2026-02-23 17:21:30.287 +05:30 [INF] Starting AILearn API...
2026-02-23 17:24:11.694 +05:30 [INF] Redis caching disabled in configuration
2026-02-23 17:24:11.850 +05:30 [INF] Starting AILearn API...
2026-02-23 17:29:17.958 +05:30 [INF] Redis caching disabled in configuration
2026-02-23 17:29:18.182 +05:30 [INF] Starting AILearn API...
2026-02-23 17:31:23.488 +05:30 [INF] Redis caching disabled in configuration
2026-02-23 17:33:10.303 +05:30 [INF] Redis caching disabled in configuration
2026-02-23 17:33:10.519 +05:30 [INF] Starting AILearn API...
2026-02-23 17:49:46.023 +05:30 [INF] Redis caching disabled in configuration
2026-02-23 17:49:46.226 +05:30 [INF] Starting AILearn API...
2026-02-23 18:31:36.608 +05:30 [INF] Redis caching disabled in configuration
2026-02-23 18:31:37.099 +05:30 [INF] Starting AILearn API...
2026-02-23 18:34:17.021 +05:30 [ERR] An unhandled exception has occurred while executing the request.
Swashbuckle.AspNetCore.SwaggerGen.SwaggerGeneratorException: Conflicting method/path combination "GET api/health" for actions - AILearnAPI.Api.Controllers.HealthController.GetHealth (AILearnAPI.Api),AILearnAPI.Api.Controllers.LearnController.Health (AILearnAPI.Api). Actions require a unique method/path combination for Swagger/OpenAPI 3.0. Use ConflictingActionsResolver as a workaround
   at Swashbuckle.AspNetCore.SwaggerGen.SwaggerGenerator.GenerateOperations(IEnumerable`1 apiDescriptions, SchemaRepository schemaRepository)
   at Swashbuckle.AspNetCore.SwaggerGen.SwaggerGenerator.GeneratePaths(IEnumerable`1 apiDescriptions, SchemaRepository schemaRepository)
   at Swashbuckle.AspNetCore.SwaggerGen.SwaggerGenerator.GetSwaggerDocumentWithoutFilters(String documentName, String host, String basePath)
   at Swashbuckle.AspNetCore.SwaggerGen.SwaggerGenerator.GetSwaggerAsync(String documentName, String host, String basePath)
   at Swashbuckle.AspNetCore.Swagger.SwaggerMiddleware.Invoke(HttpContext httpContext, ISwaggerProvider swaggerProvider)
   at Microsoft.AspNetCore.Authentication.AuthenticationMiddleware.Invoke(HttpContext context)
   at Microsoft.AspNetCore.Diagnostics.DeveloperExceptionPageMiddlewareImpl.Invoke(HttpContext context)
2026-02-23 18:36:35.101 +05:30 [INF] Redis caching disabled in configuration
2026-02-23 18:36:35.388 +05:30 [INF] Starting AILearn API...
2026-02-23 19:41:11.086 +05:30 [INF] Redis caching disabled in configuration
2026-02-23 19:41:11.267 +05:30 [INF] Starting AILearn API...
2026-02-23 19:45:22.309 +05:30 [ERR] Health check failed
System.TimeoutException: A timeout occurred after 30000ms selecting a server using CompositeServerSelector{ Selectors = ReadPreferenceServerSelector{ ReadPreference = { Mode : Primary } }, LatencyLimitingServerSelector{ AllowedLatencyRange = 00:00:00.0150000 }, OperationsCountServerSelector }. Client view of cluster state is { ClusterId : "1", Type : "Unknown", State : "Disconnected", Servers : [{ ServerId: "{ ClusterId : 1, EndPoint : "Unspecified/localhost:27017" }", EndPoint: "Unspecified/localhost:27017", ReasonChanged: "Heartbeat", State: "Disconnected", ServerVersion: , TopologyVersion: , Type: "Unknown", HeartbeatException: "MongoDB.Driver.MongoConnectionException: An exception occurred while opening a connection to the server.
 ---> System.Net.Sockets.SocketException (10061): No connection could be made because the target machine actively refused it. [::1]:27017
   at System.Net.Sockets.Socket.DoConnect(EndPoint endPointSnapshot, SocketAddress socketAddress)
   at System.Net.Sockets.Socket.Connect(EndPoint remoteEP)
   at MongoDB.Driver.Core.Connections.TcpStreamFactory.Connect(Socket socket, EndPoint endPoint, CancellationToken cancellationToken)
   at MongoDB.Driver.Core.Connections.TcpStreamFactory.CreateStream(EndPoint endPoint, CancellationToken cancellationToken)
   at MongoDB.Driver.Core.Connections.BinaryConnection.OpenHelper(CancellationToken cancellationToken)
   --- End of inner exception stack trace ---
   at MongoDB.Driver.Core.Connections.BinaryConnection.OpenHelper(CancellationToken cancellationToken)
   at MongoDB.Driver.Core.Connections.BinaryConnection.Open(CancellationToken cancellationToken)
   at MongoDB.Driver.Core.Servers.ServerMonitor.InitializeConnection(CancellationToken cancellationToken)
   at MongoDB.Driver.Core.Servers.ServerMonitor.Heartbeat(CancellationToken cancellationToken)", LastHeartbeatTimestamp: "2026-02-23T14:15:19.2932472Z", LastUpdateTimestamp: "2026-02-23T14:15:19.2932479Z" }] }.
   at MongoDB.Driver.Core.Clusters.Cluster.ThrowTimeoutException(IServerSelector selector, ClusterDescription description)
   at MongoDB.Driver.Core.Clusters.Cluster.WaitForDescriptionChangedHelper.HandleCompletedTask(Task completedTask)
   at MongoDB.Driver.Core.Clusters.Cluster.WaitForDescriptionChangedAsync(IServerSelector selector, ClusterDescription description, Task descriptionChangedTask, TimeSpan timeout, CancellationToken cancellationToken)
   at MongoDB.Driver.Core.Clusters.Cluster.SelectServerAsync(IServerSelector selector, CancellationToken cancellationToken)
   at MongoDB.Driver.Core.Clusters.IClusterExtensions.SelectServerAndPinIfNeededAsync(ICluster cluster, ICoreSessionHandle session, IServerSelector selector, CancellationToken cancellationToken)
   at MongoDB.Driver.Core.Bindings.ReadPreferenceBinding.GetReadChannelSourceAsync(CancellationToken cancellationToken)
   at MongoDB.Driver.Core.Operations.RetryableReadContext.InitializeAsync(CancellationToken cancellationToken)
   at MongoDB.Driver.Core.Operations.RetryableReadContext.CreateAsync(IReadBinding binding, Boolean retryRequested, CancellationToken cancellationToken)
   at MongoDB.Driver.Core.Operations.ReadCommandOperation`1.ExecuteAsync(IReadBinding binding, CancellationToken cancellationToken)
   at MongoDB.Driver.OperationExecutor.ExecuteReadOperationAsync[TResult](IReadBinding binding, IReadOperation`1 operation, CancellationToken cancellationToken)
   at MongoDB.Driver.MongoDatabaseImpl.ExecuteReadOperationAsync[T](IClientSessionHandle session, IReadOperation`1 operation, ReadPreference readPreference, CancellationToken cancellationToken)
   at MongoDB.Driver.MongoDatabaseImpl.UsingImplicitSessionAsync[TResult](Func`2 funcAsync, CancellationToken cancellationToken)
   at AILearnAPI.Api.Controllers.HealthController.GetHealth() in D:\folio\jayant-angular-ui\enterprise-dotnet-api\src\AILearnAPI.Api\Controllers\HealthController.cs:line 29
